// Jest Snapshot v1, https://goo.gl/fbAQLP

exports[`DetailInfoItem helper Array Array has empty items 1`] = `" Taurus Film"`;

exports[`DetailInfoItem helper Array Array is empty 1`] = `""`;

exports[`DetailInfoItem helper Date Date has wrong pattern: Item release_date 1`] = `"null"`;
