// Jest Snapshot v1, https://goo.gl/fbAQLP

exports[`Search component Snapshot matchs 1`] = `
Array [
  <code
    name="SearchBar"
    props={Object {}}
  />,
  <code
    name="SearchTable"
    props={Object {}}
  />,
]
`;
