// Jest Snapshot v1, https://goo.gl/fbAQLP

exports[`App component Snapshot matchs 1`] = `
<div
  className="App"
>
  <header
    className="App-header"
  >
    <h1
      className="App-title"
    >
      The Movie Database API
    </h1>
  </header>
  <div
    className="App-body"
  >
    <div>
      <code
        name="SearchBar"
        props={Object {}}
      />
      <code
        name="SearchTable"
        props={Object {}}
      />
    </div>
  </div>
</div>
`;
